// Vitest Snapshot v1, https://vitest.dev/guide/snapshot.html

exports[`Basic > should render the component 1`] = `
<div>
  <div
    contenteditable="true"
  >
    <span
      class="go1105272606"
      segment-id="wi7xfwr9v"
      style="border:1px solid;border-radius:3px;background-color:rgb(255 190 11 / 15%);border-color:rgb(255 190 11 / 60%);color:rgb(55 0 0)"
      text-editor-span-type="segment"
    >
      <span
        class="go3024031830"
        text-editor-span-type="word"
      >
        When
      </span>
      <span
        class="go2233990535"
        id="0"
        text-editor-span-type="word-space"
      >
         
      </span>
      <span
        class="go3024031830"
        text-editor-span-type="word"
      >
        Mr.
      </span>
      <span
        class="go2233990535"
        id="1"
        text-editor-span-type="word-space"
      >
         
      </span>
      <span
        class="go3024031830"
        text-editor-span-type="word"
      >
        Bilbo
      </span>
      <span
        class="go2233990535"
        id="2"
        text-editor-span-type="word-space"
      >
         
      </span>
      <span
        class="go3024031830"
        text-editor-span-type="word"
      >
        Baggins
      </span>
      <span
        class="go2233990535"
        id="3"
        text-editor-span-type="word-space"
      >
         
      </span>
      <span
        class="go3024031830"
        text-editor-span-type="word"
      >
        of
      </span>
      <span
        class="go2233990535"
        id="4"
        text-editor-span-type="word-space"
      >
         
      </span>
      <span
        class="go3024031830"
        text-editor-span-type="word"
      >
        Bag
      </span>
      <span
        class="go2233990535"
        id="5"
        text-editor-span-type="word-space"
      >
         
      </span>
      <span
        class="go3024031830"
        text-editor-span-type="word"
      >
        End
      </span>
      <span
        class="go2233990535"
        id="6"
        text-editor-span-type="word-space"
      >
         
      </span>
      <span
        class="go3024031830"
        text-editor-span-type="word"
      >
        announced
      </span>
      <span
        class="go2233990535"
        id="7"
        text-editor-span-type="word-space"
      >
         
      </span>
      <span
        class="go3024031830"
        text-editor-span-type="word"
      >
        that
      </span>
      <span
        class="go2233990535"
        id="8"
        text-editor-span-type="word-space"
      >
         
      </span>
      <span
        class="go3024031830"
        text-editor-span-type="word"
      >
        he
      </span>
      <span
        class="go2233990535"
        id="9"
        text-editor-span-type="word-space"
      >
         
      </span>
      <span
        class="go3024031830"
        text-editor-span-type="word"
      >
        would
      </span>
      <span
        class="go2233990535"
        id="10"
        text-editor-span-type="word-space"
      >
         
      </span>
      <span
        class="go3024031830"
        text-editor-span-type="word"
      >
        shortly
      </span>
    </span>
    <span
      class="go4236055374"
      text-editor-span-type="segment-space"
    >
       
    </span>
    <span
      class="go1105272606"
      segment-id="w8w1403kz"
      style="border:1px solid;border-radius:3px;background-color:rgb(2551 86 7 / 15%);border-color:rgb(2551 86 7 / 60%);color:rgb(55 0 0)"
      text-editor-span-type="segment"
    >
      <span
        class="go3024031830"
        text-editor-span-type="word"
      >
        be
      </span>
      <span
        class="go2233990535"
        id="0"
        text-editor-span-type="word-space"
      >
         
      </span>
      <span
        class="go3024031830"
        text-editor-span-type="word"
      >
        celebrating
      </span>
      <span
        class="go2233990535"
        id="1"
        text-editor-span-type="word-space"
      >
         
      </span>
      <span
        class="go3024031830"
        text-editor-span-type="word"
      >
        his
      </span>
      <span
        class="go2233990535"
        id="2"
        text-editor-span-type="word-space"
      >
         
      </span>
      <span
        class="go3024031830"
        text-editor-span-type="word"
      >
        eleventy-first
      </span>
      <span
        class="go2233990535"
        id="3"
        text-editor-span-type="word-space"
      >
         
      </span>
      <span
        class="go3024031830"
        text-editor-span-type="word"
      >
        birthday
      </span>
      <span
        class="go2233990535"
        id="4"
        text-editor-span-type="word-space"
      >
         
      </span>
      <span
        class="go3024031830"
        text-editor-span-type="word"
      >
        with
      </span>
      <span
        class="go2233990535"
        id="5"
        text-editor-span-type="word-space"
      >
         
      </span>
      <span
        class="go3024031830"
        text-editor-span-type="word"
      >
        a
      </span>
      <span
        class="go2233990535"
        id="6"
        text-editor-span-type="word-space"
      >
         
      </span>
      <span
        class="go3024031830"
        text-editor-span-type="word"
      >
        party
      </span>
      <span
        class="go2233990535"
        id="7"
        text-editor-span-type="word-space"
      >
         
      </span>
      <span
        class="go3024031830"
        text-editor-span-type="word"
      >
        of
      </span>
      <span
        class="go2233990535"
        id="8"
        text-editor-span-type="word-space"
      >
         
      </span>
      <span
        class="go3024031830"
        text-editor-span-type="word"
      >
        special
      </span>
      <span
        class="go2233990535"
        id="9"
        text-editor-span-type="word-space"
      >
         
      </span>
      <span
        class="go3024031830"
        text-editor-span-type="word"
      >
        magnificence,
      </span>
      <span
        class="go2233990535"
        id="10"
        text-editor-span-type="word-space"
      >
         
      </span>
      <span
        class="go3024031830"
        text-editor-span-type="word"
      >
        there
      </span>
      <span
        class="go2233990535"
        id="11"
        text-editor-span-type="word-space"
      >
         
      </span>
      <span
        class="go3024031830"
        text-editor-span-type="word"
      >
        was
      </span>
      <span
        class="go2233990535"
        id="12"
        text-editor-span-type="word-space"
      >
         
      </span>
      <span
        class="go3024031830"
        text-editor-span-type="word"
      >
        much
      </span>
      <span
        class="go2233990535"
        id="13"
        text-editor-span-type="word-space"
      >
         
      </span>
      <span
        class="go3024031830"
        text-editor-span-type="word"
      >
        talk
      </span>
      <span
        class="go2233990535"
        id="14"
        text-editor-span-type="word-space"
      >
         
      </span>
      <span
        class="go3024031830"
        text-editor-span-type="word"
      >
        and
      </span>
    </span>
    <span
      class="go4236055374"
      text-editor-span-type="segment-space"
    >
       
    </span>
    <span
      class="go1105272606"
      segment-id="3tc1d5go9"
      style="border:1px solid;border-radius:3px;background-color:rgb(131 56 236 / 15%);border-color:rgb(131 56 236 / 60%);color:rgb(0 0 36)"
      text-editor-span-type="segment"
    >
      <span
        class="go3024031830"
        text-editor-span-type="word"
      >
        excitement
      </span>
      <span
        class="go2233990535"
        id="0"
        text-editor-span-type="word-space"
      >
         
      </span>
      <span
        class="go3024031830"
        text-editor-span-type="word"
      >
        in
      </span>
      <span
        class="go2233990535"
        id="1"
        text-editor-span-type="word-space"
      >
         
      </span>
      <span
        class="go3024031830"
        text-editor-span-type="word"
      >
        Hobbiton.
      </span>
      <span
        class="go2233990535"
        id="2"
        text-editor-span-type="word-space"
      >
         
      </span>
      <span
        class="go3024031830"
        text-editor-span-type="word"
      >
        Bilbo
      </span>
      <span
        class="go2233990535"
        id="3"
        text-editor-span-type="word-space"
      >
         
      </span>
      <span
        class="go3024031830"
        text-editor-span-type="word"
      >
        was
      </span>
      <span
        class="go2233990535"
        id="4"
        text-editor-span-type="word-space"
      >
         
      </span>
      <span
        class="go3024031830"
        text-editor-span-type="word"
      >
        very
      </span>
      <span
        class="go2233990535"
        id="5"
        text-editor-span-type="word-space"
      >
         
      </span>
      <span
        class="go3024031830"
        text-editor-span-type="word"
      >
        rich
      </span>
      <span
        class="go2233990535"
        id="6"
        text-editor-span-type="word-space"
      >
         
      </span>
      <span
        class="go3024031830"
        text-editor-span-type="word"
      >
        and
      </span>
      <span
        class="go2233990535"
        id="7"
        text-editor-span-type="word-space"
      >
         
      </span>
      <span
        class="go3024031830"
        text-editor-span-type="word"
      >
        very
      </span>
      <span
        class="go2233990535"
        id="8"
        text-editor-span-type="word-space"
      >
         
      </span>
      <span
        class="go3024031830"
        text-editor-span-type="word"
      >
        peculiar,
      </span>
      <span
        class="go2233990535"
        id="9"
        text-editor-span-type="word-space"
      >
         
      </span>
      <span
        class="go3024031830"
        text-editor-span-type="word"
      >
        and
      </span>
    </span>
    <span
      class="go4236055374"
      text-editor-span-type="segment-space"
    >
       
    </span>
    <span
      class="go1105272606"
      segment-id="c7own3v3e"
      style="border:1px solid;border-radius:3px;background-color:rgb(255 0 110 / 15%);border-color:rgb(255 0 110 / 60%);color:rgb(55 0 0)"
      text-editor-span-type="segment"
    >
      <span
        class="go3024031830"
        text-editor-span-type="word"
      >
        had
      </span>
      <span
        class="go2233990535"
        id="0"
        text-editor-span-type="word-space"
      >
         
      </span>
      <span
        class="go3024031830"
        text-editor-span-type="word"
      >
        been
      </span>
      <span
        class="go2233990535"
        id="1"
        text-editor-span-type="word-space"
      >
         
      </span>
      <span
        class="go3024031830"
        text-editor-span-type="word"
      >
        the
      </span>
      <span
        class="go2233990535"
        id="2"
        text-editor-span-type="word-space"
      >
         
      </span>
      <span
        class="go3024031830"
        text-editor-span-type="word"
      >
        wonder
      </span>
      <span
        class="go2233990535"
        id="3"
        text-editor-span-type="word-space"
      >
         
      </span>
      <span
        class="go3024031830"
        text-editor-span-type="word"
      >
        of
      </span>
      <span
        class="go2233990535"
        id="4"
        text-editor-span-type="word-space"
      >
         
      </span>
      <span
        class="go3024031830"
        text-editor-span-type="word"
      >
        the
      </span>
      <span
        class="go2233990535"
        id="5"
        text-editor-span-type="word-space"
      >
         
      </span>
      <span
        class="go3024031830"
        text-editor-span-type="word"
      >
        Shire
      </span>
      <span
        class="go2233990535"
        id="6"
        text-editor-span-type="word-space"
      >
         
      </span>
      <span
        class="go3024031830"
        text-editor-span-type="word"
      >
        for
      </span>
      <span
        class="go2233990535"
        id="7"
        text-editor-span-type="word-space"
      >
         
      </span>
      <span
        class="go3024031830"
        text-editor-span-type="word"
      >
        sixty
      </span>
      <span
        class="go2233990535"
        id="8"
        text-editor-span-type="word-space"
      >
         
      </span>
      <span
        class="go3024031830"
        text-editor-span-type="word"
      >
        years,
      </span>
      <span
        class="go2233990535"
        id="9"
        text-editor-span-type="word-space"
      >
         
      </span>
      <span
        class="go3024031830"
        text-editor-span-type="word"
      >
        ever
      </span>
      <span
        class="go2233990535"
        id="10"
        text-editor-span-type="word-space"
      >
         
      </span>
      <span
        class="go3024031830"
        text-editor-span-type="word"
      >
        since
      </span>
      <span
        class="go2233990535"
        id="11"
        text-editor-span-type="word-space"
      >
         
      </span>
      <span
        class="go3024031830"
        text-editor-span-type="word"
      >
        his
      </span>
      <span
        class="go2233990535"
        id="12"
        text-editor-span-type="word-space"
      >
         
      </span>
      <span
        class="go3024031830"
        text-editor-span-type="word"
      >
        remarkable
      </span>
      <span
        class="go2233990535"
        id="13"
        text-editor-span-type="word-space"
      >
         
      </span>
      <span
        class="go3024031830"
        text-editor-span-type="word"
      >
        disappearance
      </span>
    </span>
    <span
      class="go4236055374"
      text-editor-span-type="segment-space"
    >
       
    </span>
    <span
      class="go1105272606"
      segment-id="ko07pipbl"
      style="border:1px solid;border-radius:3px;background-color:rgb(35 209 189 / 15%);border-color:rgb(35 209 189 / 60%);color:rgb(0 9 0)"
      text-editor-span-type="segment"
    >
      <span
        class="go3024031830"
        text-editor-span-type="word"
      >
        and
      </span>
      <span
        class="go2233990535"
        id="0"
        text-editor-span-type="word-space"
      >
         
      </span>
      <span
        class="go3024031830"
        text-editor-span-type="word"
      >
        unexpected
      </span>
      <span
        class="go2233990535"
        id="1"
        text-editor-span-type="word-space"
      >
         
      </span>
      <span
        class="go3024031830"
        text-editor-span-type="word"
      >
        return.
      </span>
      <span
        class="go2233990535"
        id="2"
        text-editor-span-type="word-space"
      >
         
      </span>
      <span
        class="go3024031830"
        text-editor-span-type="word"
      >
        The
      </span>
      <span
        class="go2233990535"
        id="3"
        text-editor-span-type="word-space"
      >
         
      </span>
      <span
        class="go3024031830"
        text-editor-span-type="word"
      >
        riches
      </span>
      <span
        class="go2233990535"
        id="4"
        text-editor-span-type="word-space"
      >
         
      </span>
      <span
        class="go3024031830"
        text-editor-span-type="word"
      >
        he
      </span>
      <span
        class="go2233990535"
        id="5"
        text-editor-span-type="word-space"
      >
         
      </span>
      <span
        class="go3024031830"
        text-editor-span-type="word"
      >
        had
      </span>
      <span
        class="go2233990535"
        id="6"
        text-editor-span-type="word-space"
      >
         
      </span>
      <span
        class="go3024031830"
        text-editor-span-type="word"
      >
        brought
      </span>
      <span
        class="go2233990535"
        id="7"
        text-editor-span-type="word-space"
      >
         
      </span>
      <span
        class="go3024031830"
        text-editor-span-type="word"
      >
        back
      </span>
      <span
        class="go2233990535"
        id="8"
        text-editor-span-type="word-space"
      >
         
      </span>
      <span
        class="go3024031830"
        text-editor-span-type="word"
      >
        from
      </span>
      <span
        class="go2233990535"
        id="9"
        text-editor-span-type="word-space"
      >
         
      </span>
      <span
        class="go3024031830"
        text-editor-span-type="word"
      >
        his
      </span>
      <span
        class="go2233990535"
        id="10"
        text-editor-span-type="word-space"
      >
         
      </span>
      <span
        class="go3024031830"
        text-editor-span-type="word"
      >
        travels
      </span>
      <span
        class="go2233990535"
        id="11"
        text-editor-span-type="word-space"
      >
         
      </span>
      <span
        class="go3024031830"
        text-editor-span-type="word"
      >
        had
      </span>
      <span
        class="go2233990535"
        id="12"
        text-editor-span-type="word-space"
      >
         
      </span>
      <span
        class="go3024031830"
        text-editor-span-type="word"
      >
        now
      </span>
    </span>
    <span
      class="go4236055374"
      text-editor-span-type="segment-space"
    >
       
    </span>
    <span
      class="go1105272606"
      segment-id="7b8qds2db"
      style="border:1px solid;border-radius:3px;background-color:rgb(255 190 11 / 15%);border-color:rgb(255 190 11 / 60%);color:rgb(55 0 0)"
      text-editor-span-type="segment"
    >
      <span
        class="go3024031830"
        text-editor-span-type="word"
      >
        become
      </span>
      <span
        class="go2233990535"
        id="0"
        text-editor-span-type="word-space"
      >
         
      </span>
      <span
        class="go3024031830"
        text-editor-span-type="word"
      >
        a
      </span>
      <span
        class="go2233990535"
        id="1"
        text-editor-span-type="word-space"
      >
         
      </span>
      <span
        class="go3024031830"
        text-editor-span-type="word"
      >
        local
      </span>
      <span
        class="go2233990535"
        id="2"
        text-editor-span-type="word-space"
      >
         
      </span>
      <span
        class="go3024031830"
        text-editor-span-type="word"
      >
        legend,
      </span>
      <span
        class="go2233990535"
        id="3"
        text-editor-span-type="word-space"
      >
         
      </span>
      <span
        class="go3024031830"
        text-editor-span-type="word"
      >
        and
      </span>
      <span
        class="go2233990535"
        id="4"
        text-editor-span-type="word-space"
      >
         
      </span>
      <span
        class="go3024031830"
        text-editor-span-type="word"
      >
        it
      </span>
      <span
        class="go2233990535"
        id="5"
        text-editor-span-type="word-space"
      >
         
      </span>
      <span
        class="go3024031830"
        text-editor-span-type="word"
      >
        was
      </span>
      <span
        class="go2233990535"
        id="6"
        text-editor-span-type="word-space"
      >
         
      </span>
      <span
        class="go3024031830"
        text-editor-span-type="word"
      >
        popularly
      </span>
      <span
        class="go2233990535"
        id="7"
        text-editor-span-type="word-space"
      >
         
      </span>
      <span
        class="go3024031830"
        text-editor-span-type="word"
      >
        believed,
      </span>
      <span
        class="go2233990535"
        id="8"
        text-editor-span-type="word-space"
      >
         
      </span>
      <span
        class="go3024031830"
        text-editor-span-type="word"
      >
        whatever
      </span>
      <span
        class="go2233990535"
        id="9"
        text-editor-span-type="word-space"
      >
         
      </span>
      <span
        class="go3024031830"
        text-editor-span-type="word"
      >
        the
      </span>
    </span>
    <span
      class="go4236055374"
      text-editor-span-type="segment-space"
    >
       
    </span>
    <span
      class="go1105272606"
      segment-id="jb00j750e"
      style="border:1px solid;border-radius:3px;background-color:rgb(2551 86 7 / 15%);border-color:rgb(2551 86 7 / 60%);color:rgb(55 0 0)"
      text-editor-span-type="segment"
    >
      <span
        class="go3024031830"
        text-editor-span-type="word"
      >
        old
      </span>
      <span
        class="go2233990535"
        id="0"
        text-editor-span-type="word-space"
      >
         
      </span>
      <span
        class="go3024031830"
        text-editor-span-type="word"
      >
        folk
      </span>
      <span
        class="go2233990535"
        id="1"
        text-editor-span-type="word-space"
      >
         
      </span>
      <span
        class="go3024031830"
        text-editor-span-type="word"
      >
        might
      </span>
      <span
        class="go2233990535"
        id="2"
        text-editor-span-type="word-space"
      >
         
      </span>
      <span
        class="go3024031830"
        text-editor-span-type="word"
      >
        say,
      </span>
      <span
        class="go2233990535"
        id="3"
        text-editor-span-type="word-space"
      >
         
      </span>
      <span
        class="go3024031830"
        text-editor-span-type="word"
      >
        that
      </span>
      <span
        class="go2233990535"
        id="4"
        text-editor-span-type="word-space"
      >
         
      </span>
      <span
        class="go3024031830"
        text-editor-span-type="word"
      >
        the
      </span>
      <span
        class="go2233990535"
        id="5"
        text-editor-span-type="word-space"
      >
         
      </span>
      <span
        class="go3024031830"
        text-editor-span-type="word"
      >
        Hill
      </span>
      <span
        class="go2233990535"
        id="6"
        text-editor-span-type="word-space"
      >
         
      </span>
      <span
        class="go3024031830"
        text-editor-span-type="word"
      >
        at
      </span>
      <span
        class="go2233990535"
        id="7"
        text-editor-span-type="word-space"
      >
         
      </span>
      <span
        class="go3024031830"
        text-editor-span-type="word"
      >
        Bag
      </span>
      <span
        class="go2233990535"
        id="8"
        text-editor-span-type="word-space"
      >
         
      </span>
      <span
        class="go3024031830"
        text-editor-span-type="word"
      >
        End
      </span>
      <span
        class="go2233990535"
        id="9"
        text-editor-span-type="word-space"
      >
         
      </span>
      <span
        class="go3024031830"
        text-editor-span-type="word"
      >
        was
      </span>
    </span>
    <span
      class="go4236055374"
      text-editor-span-type="segment-space"
    >
       
    </span>
    <span
      class="go1105272606"
      segment-id="pzlz7kmxe"
      style="border:1px solid;border-radius:3px;background-color:rgb(131 56 236 / 15%);border-color:rgb(131 56 236 / 60%);color:rgb(0 0 36)"
      text-editor-span-type="segment"
    >
      <span
        class="go3024031830"
        text-editor-span-type="word"
      >
        full
      </span>
      <span
        class="go2233990535"
        id="0"
        text-editor-span-type="word-space"
      >
         
      </span>
      <span
        class="go3024031830"
        text-editor-span-type="word"
      >
        of
      </span>
      <span
        class="go2233990535"
        id="1"
        text-editor-span-type="word-space"
      >
         
      </span>
      <span
        class="go3024031830"
        text-editor-span-type="word"
      >
        tunnels
      </span>
      <span
        class="go2233990535"
        id="2"
        text-editor-span-type="word-space"
      >
         
      </span>
      <span
        class="go3024031830"
        text-editor-span-type="word"
      >
        stuffed
      </span>
      <span
        class="go2233990535"
        id="3"
        text-editor-span-type="word-space"
      >
         
      </span>
      <span
        class="go3024031830"
        text-editor-span-type="word"
      >
        with
      </span>
      <span
        class="go2233990535"
        id="4"
        text-editor-span-type="word-space"
      >
         
      </span>
      <span
        class="go3024031830"
        text-editor-span-type="word"
      >
        treasure.
      </span>
      <span
        class="go2233990535"
        id="5"
        text-editor-span-type="word-space"
      >
         
      </span>
      <span
        class="go3024031830"
        text-editor-span-type="word"
      >
        And
      </span>
      <span
        class="go2233990535"
        id="6"
        text-editor-span-type="word-space"
      >
         
      </span>
      <span
        class="go3024031830"
        text-editor-span-type="word"
      >
        if
      </span>
      <span
        class="go2233990535"
        id="7"
        text-editor-span-type="word-space"
      >
         
      </span>
      <span
        class="go3024031830"
        text-editor-span-type="word"
      >
        that
      </span>
      <span
        class="go2233990535"
        id="8"
        text-editor-span-type="word-space"
      >
         
      </span>
      <span
        class="go3024031830"
        text-editor-span-type="word"
      >
        was
      </span>
      <span
        class="go2233990535"
        id="9"
        text-editor-span-type="word-space"
      >
         
      </span>
      <span
        class="go3024031830"
        text-editor-span-type="word"
      >
        not
      </span>
      <span
        class="go2233990535"
        id="10"
        text-editor-span-type="word-space"
      >
         
      </span>
      <span
        class="go3024031830"
        text-editor-span-type="word"
      >
        enough
      </span>
      <span
        class="go2233990535"
        id="11"
        text-editor-span-type="word-space"
      >
         
      </span>
      <span
        class="go3024031830"
        text-editor-span-type="word"
      >
        for
      </span>
      <span
        class="go2233990535"
        id="12"
        text-editor-span-type="word-space"
      >
         
      </span>
      <span
        class="go3024031830"
        text-editor-span-type="word"
      >
        fame,
      </span>
      <span
        class="go2233990535"
        id="13"
        text-editor-span-type="word-space"
      >
         
      </span>
      <span
        class="go3024031830"
        text-editor-span-type="word"
      >
        there
      </span>
      <span
        class="go2233990535"
        id="14"
        text-editor-span-type="word-space"
      >
         
      </span>
      <span
        class="go3024031830"
        text-editor-span-type="word"
      >
        was
      </span>
      <span
        class="go2233990535"
        id="15"
        text-editor-span-type="word-space"
      >
         
      </span>
      <span
        class="go3024031830"
        text-editor-span-type="word"
      >
        also
      </span>
      <span
        class="go2233990535"
        id="16"
        text-editor-span-type="word-space"
      >
         
      </span>
      <span
        class="go3024031830"
        text-editor-span-type="word"
      >
        his
      </span>
      <span
        class="go2233990535"
        id="17"
        text-editor-span-type="word-space"
      >
         
      </span>
      <span
        class="go3024031830"
        text-editor-span-type="word"
      >
        prolonged
      </span>
    </span>
    <span
      class="go4236055374"
      text-editor-span-type="segment-space"
    >
       
    </span>
    <span
      class="go1105272606"
      segment-id="pth4y2ekq"
      style="border:1px solid;border-radius:3px;background-color:rgb(255 0 110 / 15%);border-color:rgb(255 0 110 / 60%);color:rgb(55 0 0)"
      text-editor-span-type="segment"
    >
      <span
        class="go3024031830"
        text-editor-span-type="word"
      >
        vigour
      </span>
      <span
        class="go2233990535"
        id="0"
        text-editor-span-type="word-space"
      >
         
      </span>
      <span
        class="go3024031830"
        text-editor-span-type="word"
      >
        to
      </span>
      <span
        class="go2233990535"
        id="1"
        text-editor-span-type="word-space"
      >
         
      </span>
      <span
        class="go3024031830"
        text-editor-span-type="word"
      >
        marvel
      </span>
      <span
        class="go2233990535"
        id="2"
        text-editor-span-type="word-space"
      >
         
      </span>
      <span
        class="go3024031830"
        text-editor-span-type="word"
      >
        at.
      </span>
      <span
        class="go2233990535"
        id="3"
        text-editor-span-type="word-space"
      >
         
      </span>
      <span
        class="go3024031830"
        text-editor-span-type="word"
      >
        Time
      </span>
      <span
        class="go2233990535"
        id="4"
        text-editor-span-type="word-space"
      >
         
      </span>
      <span
        class="go3024031830"
        text-editor-span-type="word"
      >
        wore
      </span>
      <span
        class="go2233990535"
        id="5"
        text-editor-span-type="word-space"
      >
         
      </span>
      <span
        class="go3024031830"
        text-editor-span-type="word"
      >
        on,
      </span>
      <span
        class="go2233990535"
        id="6"
        text-editor-span-type="word-space"
      >
         
      </span>
      <span
        class="go3024031830"
        text-editor-span-type="word"
      >
        but
      </span>
      <span
        class="go2233990535"
        id="7"
        text-editor-span-type="word-space"
      >
         
      </span>
      <span
        class="go3024031830"
        text-editor-span-type="word"
      >
        it
      </span>
      <span
        class="go2233990535"
        id="8"
        text-editor-span-type="word-space"
      >
         
      </span>
      <span
        class="go3024031830"
        text-editor-span-type="word"
      >
        seemed
      </span>
      <span
        class="go2233990535"
        id="9"
        text-editor-span-type="word-space"
      >
         
      </span>
      <span
        class="go3024031830"
        text-editor-span-type="word"
      >
        to
      </span>
      <span
        class="go2233990535"
        id="10"
        text-editor-span-type="word-space"
      >
         
      </span>
      <span
        class="go3024031830"
        text-editor-span-type="word"
      >
        have
      </span>
      <span
        class="go2233990535"
        id="11"
        text-editor-span-type="word-space"
      >
         
      </span>
      <span
        class="go3024031830"
        text-editor-span-type="word"
      >
        little
      </span>
    </span>
    <span
      class="go4236055374"
      text-editor-span-type="segment-space"
    >
       
    </span>
    <span
      class="go1105272606"
      segment-id="99zxoc9uz"
      style="border:1px solid;border-radius:3px;background-color:rgb(35 209 189 / 15%);border-color:rgb(35 209 189 / 60%);color:rgb(0 9 0)"
      text-editor-span-type="segment"
    >
      <span
        class="go3024031830"
        text-editor-span-type="word"
      >
        effect
      </span>
      <span
        class="go2233990535"
        id="0"
        text-editor-span-type="word-space"
      >
         
      </span>
      <span
        class="go3024031830"
        text-editor-span-type="word"
      >
        on
      </span>
      <span
        class="go2233990535"
        id="1"
        text-editor-span-type="word-space"
      >
         
      </span>
      <span
        class="go3024031830"
        text-editor-span-type="word"
      >
        Mr.
      </span>
      <span
        class="go2233990535"
        id="2"
        text-editor-span-type="word-space"
      >
         
      </span>
      <span
        class="go3024031830"
        text-editor-span-type="word"
      >
        Baggins.
      </span>
      <span
        class="go2233990535"
        id="3"
        text-editor-span-type="word-space"
      >
         
      </span>
      <span
        class="go3024031830"
        text-editor-span-type="word"
      >
        At
      </span>
      <span
        class="go2233990535"
        id="4"
        text-editor-span-type="word-space"
      >
         
      </span>
      <span
        class="go3024031830"
        text-editor-span-type="word"
      >
        ninety
      </span>
      <span
        class="go2233990535"
        id="5"
        text-editor-span-type="word-space"
      >
         
      </span>
      <span
        class="go3024031830"
        text-editor-span-type="word"
      >
        he
      </span>
      <span
        class="go2233990535"
        id="6"
        text-editor-span-type="word-space"
      >
         
      </span>
      <span
        class="go3024031830"
        text-editor-span-type="word"
      >
        was
      </span>
      <span
        class="go2233990535"
        id="7"
        text-editor-span-type="word-space"
      >
         
      </span>
      <span
        class="go3024031830"
        text-editor-span-type="word"
      >
        much
      </span>
      <span
        class="go2233990535"
        id="8"
        text-editor-span-type="word-space"
      >
         
      </span>
      <span
        class="go3024031830"
        text-editor-span-type="word"
      >
        the
      </span>
      <span
        class="go2233990535"
        id="9"
        text-editor-span-type="word-space"
      >
         
      </span>
      <span
        class="go3024031830"
        text-editor-span-type="word"
      >
        same
      </span>
      <span
        class="go2233990535"
        id="10"
        text-editor-span-type="word-space"
      >
         
      </span>
      <span
        class="go3024031830"
        text-editor-span-type="word"
      >
        as
      </span>
      <span
        class="go2233990535"
        id="11"
        text-editor-span-type="word-space"
      >
         
      </span>
      <span
        class="go3024031830"
        text-editor-span-type="word"
      >
        at
      </span>
      <span
        class="go2233990535"
        id="12"
        text-editor-span-type="word-space"
      >
         
      </span>
      <span
        class="go3024031830"
        text-editor-span-type="word"
      >
        fifty.
      </span>
      <span
        class="go2233990535"
        id="13"
        text-editor-span-type="word-space"
      >
         
      </span>
      <span
        class="go3024031830"
        text-editor-span-type="word"
      >
        At
      </span>
      <span
        class="go2233990535"
        id="14"
        text-editor-span-type="word-space"
      >
         
      </span>
      <span
        class="go3024031830"
        text-editor-span-type="word"
      >
        ninety-nine
      </span>
      <span
        class="go2233990535"
        id="15"
        text-editor-span-type="word-space"
      >
         
      </span>
      <span
        class="go3024031830"
        text-editor-span-type="word"
      >
        they
      </span>
      <span
        class="go2233990535"
        id="16"
        text-editor-span-type="word-space"
      >
         
      </span>
      <span
        class="go3024031830"
        text-editor-span-type="word"
      >
        began
      </span>
    </span>
    <span
      class="go4236055374"
      text-editor-span-type="segment-space"
    >
       
    </span>
    <span
      class="go1105272606"
      segment-id="77kvsfbpv"
      style="border:1px solid;border-radius:3px;background-color:rgb(255 190 11 / 15%);border-color:rgb(255 190 11 / 60%);color:rgb(55 0 0)"
      text-editor-span-type="segment"
    >
      <span
        class="go3024031830"
        text-editor-span-type="word"
      >
        to
      </span>
      <span
        class="go2233990535"
        id="0"
        text-editor-span-type="word-space"
      >
         
      </span>
      <span
        class="go3024031830"
        text-editor-span-type="word"
      >
        call
      </span>
      <span
        class="go2233990535"
        id="1"
        text-editor-span-type="word-space"
      >
         
      </span>
      <span
        class="go3024031830"
        text-editor-span-type="word"
      >
        him
      </span>
      <span
        class="go2233990535"
        id="2"
        text-editor-span-type="word-space"
      >
         
      </span>
      <span
        class="go3024031830"
        text-editor-span-type="word"
      >
        well-preserved,
      </span>
      <span
        class="go2233990535"
        id="3"
        text-editor-span-type="word-space"
      >
         
      </span>
      <span
        class="go3024031830"
        text-editor-span-type="word"
      >
        but
      </span>
      <span
        class="go2233990535"
        id="4"
        text-editor-span-type="word-space"
      >
         
      </span>
      <span
        class="go3024031830"
        text-editor-span-type="word"
      >
        unchanged
      </span>
      <span
        class="go2233990535"
        id="5"
        text-editor-span-type="word-space"
      >
         
      </span>
      <span
        class="go3024031830"
        text-editor-span-type="word"
      >
        would
      </span>
      <span
        class="go2233990535"
        id="6"
        text-editor-span-type="word-space"
      >
         
      </span>
      <span
        class="go3024031830"
        text-editor-span-type="word"
      >
        have
      </span>
      <span
        class="go2233990535"
        id="7"
        text-editor-span-type="word-space"
      >
         
      </span>
      <span
        class="go3024031830"
        text-editor-span-type="word"
      >
        been
      </span>
      <span
        class="go2233990535"
        id="8"
        text-editor-span-type="word-space"
      >
         
      </span>
      <span
        class="go3024031830"
        text-editor-span-type="word"
      >
        nearer
      </span>
      <span
        class="go2233990535"
        id="9"
        text-editor-span-type="word-space"
      >
         
      </span>
      <span
        class="go3024031830"
        text-editor-span-type="word"
      >
        the
      </span>
      <span
        class="go2233990535"
        id="10"
        text-editor-span-type="word-space"
      >
         
      </span>
      <span
        class="go3024031830"
        text-editor-span-type="word"
      >
        mark.
      </span>
      <span
        class="go2233990535"
        id="11"
        text-editor-span-type="word-space"
      >
         
      </span>
      <span
        class="go3024031830"
        text-editor-span-type="word"
      >
        There
      </span>
    </span>
    <span
      class="go4236055374"
      text-editor-span-type="segment-space"
    >
       
    </span>
    <span
      class="go1105272606"
      segment-id="yvuotnd5r"
      style="border:1px solid;border-radius:3px;background-color:rgb(2551 86 7 / 15%);border-color:rgb(2551 86 7 / 60%);color:rgb(55 0 0)"
      text-editor-span-type="segment"
    >
      <span
        class="go3024031830"
        text-editor-span-type="word"
      >
        were
      </span>
      <span
        class="go2233990535"
        id="0"
        text-editor-span-type="word-space"
      >
         
      </span>
      <span
        class="go3024031830"
        text-editor-span-type="word"
      >
        some
      </span>
      <span
        class="go2233990535"
        id="1"
        text-editor-span-type="word-space"
      >
         
      </span>
      <span
        class="go3024031830"
        text-editor-span-type="word"
      >
        that
      </span>
      <span
        class="go2233990535"
        id="2"
        text-editor-span-type="word-space"
      >
         
      </span>
      <span
        class="go3024031830"
        text-editor-span-type="word"
      >
        shook
      </span>
      <span
        class="go2233990535"
        id="3"
        text-editor-span-type="word-space"
      >
         
      </span>
      <span
        class="go3024031830"
        text-editor-span-type="word"
      >
        their
      </span>
      <span
        class="go2233990535"
        id="4"
        text-editor-span-type="word-space"
      >
         
      </span>
      <span
        class="go3024031830"
        text-editor-span-type="word"
      >
        heads
      </span>
      <span
        class="go2233990535"
        id="5"
        text-editor-span-type="word-space"
      >
         
      </span>
      <span
        class="go3024031830"
        text-editor-span-type="word"
      >
        and
      </span>
      <span
        class="go2233990535"
        id="6"
        text-editor-span-type="word-space"
      >
         
      </span>
      <span
        class="go3024031830"
        text-editor-span-type="word"
      >
        thought
      </span>
      <span
        class="go2233990535"
        id="7"
        text-editor-span-type="word-space"
      >
         
      </span>
      <span
        class="go3024031830"
        text-editor-span-type="word"
      >
        this
      </span>
      <span
        class="go2233990535"
        id="8"
        text-editor-span-type="word-space"
      >
         
      </span>
      <span
        class="go3024031830"
        text-editor-span-type="word"
      >
        was
      </span>
    </span>
    <span
      class="go4236055374"
      text-editor-span-type="segment-space"
    >
       
    </span>
    <span
      class="go1105272606"
      segment-id="2z3yjf8ep"
      style="border:1px solid;border-radius:3px;background-color:rgb(131 56 236 / 15%);border-color:rgb(131 56 236 / 60%);color:rgb(0 0 36)"
      text-editor-span-type="segment"
    >
      <span
        class="go3024031830"
        text-editor-span-type="word"
      >
        too
      </span>
      <span
        class="go2233990535"
        id="0"
        text-editor-span-type="word-space"
      >
         
      </span>
      <span
        class="go3024031830"
        text-editor-span-type="word"
      >
        much
      </span>
      <span
        class="go2233990535"
        id="1"
        text-editor-span-type="word-space"
      >
         
      </span>
      <span
        class="go3024031830"
        text-editor-span-type="word"
      >
        of
      </span>
      <span
        class="go2233990535"
        id="2"
        text-editor-span-type="word-space"
      >
         
      </span>
      <span
        class="go3024031830"
        text-editor-span-type="word"
      >
        a
      </span>
      <span
        class="go2233990535"
        id="3"
        text-editor-span-type="word-space"
      >
         
      </span>
      <span
        class="go3024031830"
        text-editor-span-type="word"
      >
        good
      </span>
      <span
        class="go2233990535"
        id="4"
        text-editor-span-type="word-space"
      >
         
      </span>
      <span
        class="go3024031830"
        text-editor-span-type="word"
      >
        thing;
      </span>
      <span
        class="go2233990535"
        id="5"
        text-editor-span-type="word-space"
      >
         
      </span>
      <span
        class="go3024031830"
        text-editor-span-type="word"
      >
        it
      </span>
      <span
        class="go2233990535"
        id="6"
        text-editor-span-type="word-space"
      >
         
      </span>
      <span
        class="go3024031830"
        text-editor-span-type="word"
      >
        seemed
      </span>
      <span
        class="go2233990535"
        id="7"
        text-editor-span-type="word-space"
      >
         
      </span>
      <span
        class="go3024031830"
        text-editor-span-type="word"
      >
        unfair
      </span>
      <span
        class="go2233990535"
        id="8"
        text-editor-span-type="word-space"
      >
         
      </span>
      <span
        class="go3024031830"
        text-editor-span-type="word"
      >
        that
      </span>
      <span
        class="go2233990535"
        id="9"
        text-editor-span-type="word-space"
      >
         
      </span>
      <span
        class="go3024031830"
        text-editor-span-type="word"
      >
        anyone
      </span>
      <span
        class="go2233990535"
        id="10"
        text-editor-span-type="word-space"
      >
         
      </span>
      <span
        class="go3024031830"
        text-editor-span-type="word"
      >
        should
      </span>
      <span
        class="go2233990535"
        id="11"
        text-editor-span-type="word-space"
      >
         
      </span>
      <span
        class="go3024031830"
        text-editor-span-type="word"
      >
        possess
      </span>
      <span
        class="go2233990535"
        id="12"
        text-editor-span-type="word-space"
      >
         
      </span>
      <span
        class="go3024031830"
        text-editor-span-type="word"
      >
        (apparently)
      </span>
    </span>
    <span
      class="go4236055374"
      text-editor-span-type="segment-space"
    >
       
    </span>
    <span
      class="go1105272606"
      segment-id="8v0pon7ot"
      style="border:1px solid;border-radius:3px;background-color:rgb(255 0 110 / 15%);border-color:rgb(255 0 110 / 60%);color:rgb(55 0 0)"
      text-editor-span-type="segment"
    >
      <span
        class="go3024031830"
        text-editor-span-type="word"
      >
        perpetual
      </span>
      <span
        class="go2233990535"
        id="0"
        text-editor-span-type="word-space"
      >
         
      </span>
      <span
        class="go3024031830"
        text-editor-span-type="word"
      >
        youth
      </span>
      <span
        class="go2233990535"
        id="1"
        text-editor-span-type="word-space"
      >
         
      </span>
      <span
        class="go3024031830"
        text-editor-span-type="word"
      >
        as
      </span>
      <span
        class="go2233990535"
        id="2"
        text-editor-span-type="word-space"
      >
         
      </span>
      <span
        class="go3024031830"
        text-editor-span-type="word"
      >
        well
      </span>
      <span
        class="go2233990535"
        id="3"
        text-editor-span-type="word-space"
      >
         
      </span>
      <span
        class="go3024031830"
        text-editor-span-type="word"
      >
        as
      </span>
      <span
        class="go2233990535"
        id="4"
        text-editor-span-type="word-space"
      >
         
      </span>
      <span
        class="go3024031830"
        text-editor-span-type="word"
      >
        (reputedly)
      </span>
      <span
        class="go2233990535"
        id="5"
        text-editor-span-type="word-space"
      >
         
      </span>
      <span
        class="go3024031830"
        text-editor-span-type="word"
      >
        inexhaustible
      </span>
      <span
        class="go2233990535"
        id="6"
        text-editor-span-type="word-space"
      >
         
      </span>
      <span
        class="go3024031830"
        text-editor-span-type="word"
      >
        wealth.
      </span>
      <span
        class="go2233990535"
        id="7"
        text-editor-span-type="word-space"
      >
         
      </span>
      <span
        class="go3024031830"
        text-editor-span-type="word"
      >
        ‘It
      </span>
      <span
        class="go2233990535"
        id="8"
        text-editor-span-type="word-space"
      >
         
      </span>
      <span
        class="go3024031830"
        text-editor-span-type="word"
      >
        will
      </span>
      <span
        class="go2233990535"
        id="9"
        text-editor-span-type="word-space"
      >
         
      </span>
      <span
        class="go3024031830"
        text-editor-span-type="word"
      >
        have
      </span>
      <span
        class="go2233990535"
        id="10"
        text-editor-span-type="word-space"
      >
         
      </span>
      <span
        class="go3024031830"
        text-editor-span-type="word"
      >
        to
      </span>
      <span
        class="go2233990535"
        id="11"
        text-editor-span-type="word-space"
      >
         
      </span>
      <span
        class="go3024031830"
        text-editor-span-type="word"
      >
        be
      </span>
      <span
        class="go2233990535"
        id="12"
        text-editor-span-type="word-space"
      >
         
      </span>
      <span
        class="go3024031830"
        text-editor-span-type="word"
      >
        paid
      </span>
      <span
        class="go2233990535"
        id="13"
        text-editor-span-type="word-space"
      >
         
      </span>
      <span
        class="go3024031830"
        text-editor-span-type="word"
      >
        for,’
      </span>
      <span
        class="go2233990535"
        id="14"
        text-editor-span-type="word-space"
      >
         
      </span>
      <span
        class="go3024031830"
        text-editor-span-type="word"
      >
        they
      </span>
    </span>
    <span
      class="go4236055374"
      text-editor-span-type="segment-space"
    >
       
    </span>
    <span
      class="go1105272606"
      segment-id="k752etgih"
      style="border:1px solid;border-radius:3px;background-color:rgb(35 209 189 / 15%);border-color:rgb(35 209 189 / 60%);color:rgb(0 9 0)"
      text-editor-span-type="segment"
    >
      <span
        class="go3024031830"
        text-editor-span-type="word"
      >
        said.
      </span>
      <span
        class="go2233990535"
        id="0"
        text-editor-span-type="word-space"
      >
         
      </span>
      <span
        class="go3024031830"
        text-editor-span-type="word"
      >
        ‘It
      </span>
      <span
        class="go2233990535"
        id="1"
        text-editor-span-type="word-space"
      >
         
      </span>
      <span
        class="go3024031830"
        text-editor-span-type="word"
      >
        isn’t
      </span>
      <span
        class="go2233990535"
        id="2"
        text-editor-span-type="word-space"
      >
         
      </span>
      <span
        class="go3024031830"
        text-editor-span-type="word"
      >
        natural,
      </span>
      <span
        class="go2233990535"
        id="3"
        text-editor-span-type="word-space"
      >
         
      </span>
      <span
        class="go3024031830"
        text-editor-span-type="word"
      >
        and
      </span>
      <span
        class="go2233990535"
        id="4"
        text-editor-span-type="word-space"
      >
         
      </span>
      <span
        class="go3024031830"
        text-editor-span-type="word"
      >
        trouble
      </span>
      <span
        class="go2233990535"
        id="5"
        text-editor-span-type="word-space"
      >
         
      </span>
      <span
        class="go3024031830"
        text-editor-span-type="word"
      >
        will
      </span>
      <span
        class="go2233990535"
        id="6"
        text-editor-span-type="word-space"
      >
         
      </span>
      <span
        class="go3024031830"
        text-editor-span-type="word"
      >
        come
      </span>
      <span
        class="go2233990535"
        id="7"
        text-editor-span-type="word-space"
      >
         
      </span>
      <span
        class="go3024031830"
        text-editor-span-type="word"
      >
        of
      </span>
      <span
        class="go2233990535"
        id="8"
        text-editor-span-type="word-space"
      >
         
      </span>
      <span
        class="go3024031830"
        text-editor-span-type="word"
      >
        it!’
      </span>
    </span>
  </div>
</div>
`;
